// Jest Snapshot v1, https://goo.gl/fbAQLP

exports[`A suite example using Snapshot renders Reviews Services correctly 1`] = `
<section
  className="sc-cxNIbT kBJFUG"
>
  <div
    className="sc-fKgIGh jmiSIv"
  >
    <h1
      className="sc-bCwgka bZJqHK"
    >
      Reviews
    </h1>
    <button
      className="sc-iwaifL kByyyd"
    >
      Write a review
    </button>
    <section
      className="sc-fFSRdu eEQBRj"
    >
      <div
        className="sc-kfYqjs fgrQAH"
      >
        <table
          className="sc-bkbjAj favYKL"
        >
          <thead>
            <tr>
              <td>
                Rating Snapshot
              </td>
            </tr>
            <tr>
              <td>
                Select a row below to filter reviews.
              </td>
            </tr>
            <tr>
              <td
                className="sc-hHEjAm jJbWbE"
              >
                5 ★
                <div
                  className="sc-hBMVcZ gGMrHL"
                  onClick={[Function]}
                >
                  <div
                    className="sc-fnVYJo deJmWL"
                  />
                </div>
              </td>
            </tr>
            <tr>
              <td
                className="sc-hHEjAm jJbWbE"
              >
                4 ★
                <div
                  className="sc-hBMVcZ gGMrHL"
                  onClick={[Function]}
                >
                  <div
                    className="sc-fnVYJo deJmWL"
                  />
                </div>
              </td>
            </tr>
            <tr>
              <td
                className="sc-hHEjAm jJbWbE"
              >
                3 ★
                <div
                  className="sc-hBMVcZ gGMrHL"
                  onClick={[Function]}
                >
                  <div
                    className="sc-fnVYJo deJmWL"
                  />
                </div>
              </td>
            </tr>
            <tr>
              <td
                className="sc-hHEjAm jJbWbE"
              >
                2 ★
                <div
                  className="sc-hBMVcZ gGMrHL"
                  onClick={[Function]}
                >
                  <div
                    className="sc-fnVYJo deJmWL"
                  />
                </div>
              </td>
            </tr>
            <tr>
              <td
                className="sc-hHEjAm jJbWbE"
              >
                1 ★
                <div
                  className="sc-hBMVcZ gGMrHL"
                  onClick={[Function]}
                >
                  <div
                    className="sc-fnVYJo deJmWL"
                  />
                </div>
              </td>
            </tr>
          </thead>
        </table>
      </div>
      <div
        className="sc-dlMBXb fkaCyn"
      >
        <table
          className="sc-bkbjAj favYKL"
        >
          <caption>
            Average Customer Ratings
          </caption>
          <thead>
            <tr>
              <td>
                Overall
              </td>
              <td
                className="sc-iemXMA kltcnJ"
              >
                <div
                  className="sc-bdnylx eTIvCG"
                />
              </td>
              <td
                className="sc-iemXMA kltcnJ"
              >
                0
              </td>
            </tr>
            <tr>
              <td
                className="sc-dIvqjp bAuUCd"
              >
                Overall Fit Rating
              </td>
              <td
                className="sc-iemXMA kltcnJ"
              >
                <div
                  className="sc-jSFkmK lnDnEi"
                >
                  <div
                    className="sc-gtssRu dWODPw"
                  >
                    <div
                      className="sc-dlnjPT eUUHfX"
                    />
                    <span
                      className="sc-gKAblj dJFrAv"
                    />
                  </div>
                  <span
                    className="sc-hKFyIo fNFVfG"
                  >
                    Runs Small
                  </span>
                  <span
                    className="sc-eCApGN dNfuhr"
                  >
                    Runs Large
                  </span>
                </div>
              </td>
            </tr>
          </thead>
        </table>
      </div>
    </section>
  </div>
  <ul />
  <button
    className="sc-ksluoS djYkNW"
    onClick={[Function]}
  >
    Load More
  </button>
</section>
`;

exports[`A suite example using Snapshot renders correctly Fit Display Component 1`] = `
<div
  className="sc-jSFkmK lnDnEi"
>
  <div
    className="sc-gtssRu dWODPw"
  >
    <div
      className="sc-dlnjPT dUUXmW"
    />
    <span
      className="sc-gKAblj dJFrAv"
    />
  </div>
  <span
    className="sc-hKFyIo fNFVfG"
  >
    Runs Small
  </span>
  <span
    className="sc-eCApGN dNfuhr"
  >
    Runs Large
  </span>
</div>
`;

exports[`A suite example using Snapshot renders correctly Helpful Button Component 1`] = `
<span>
  Helpful?
  <button
    className="sc-iCoHVE hDOOVg"
    onClick={[Function]}
  >
    Yes · 
    1
  </button>
  <button
    className="sc-iCoHVE hDOOVg"
    onClick={[Function]}
  >
    No · 
    2
  </button>
  <button
    className="sc-iCoHVE hDOOVg"
  >
    Report as inappropriate
  </button>
</span>
`;

exports[`A suite example using Snapshot renders correctly Load More Button Component 1`] = `
<button
  className="sc-ksluoS djYkNW"
  onClick={[Function]}
>
  Load More
</button>
`;

exports[`A suite example using Snapshot renders correctly Review Display Component 1`] = `
<section
  className="sc-fujyUd cfrUuJ"
>
  <div
    className="sc-pNWxx glRlCA"
  >
    <p>
      <b>
        theGreekest
      </b>
    </p>
    <p>
      New York
    </p>
  </div>
  <div
    className="sc-jrsJCI eQGrVN"
  >
    <span
      className="sc-bqGHjH gBkTZR"
    >
      <div
        className="sc-bdnylx ddxNlS"
      />
      3 years ago
    </span>
    <h2
      className="sc-crzoUp ixgpyj"
    >
      The Greeks Strike Again
    </h2>
    <p>
      GreekGreekGreekGreekGreekGreekGreekGreekGreekGreekGreekGreekGreekGreekGreekGreekGreek
    </p>
    <p>
      <b>
        Height 
      </b>
      Shorter than 5'
    </p>
    <p>
      <b>
        Weight 
      </b>
      375 - 400 lbs
    </p>
    <p>
      <b>
        Age 
      </b>
      18 to 24
    </p>
    <p>
      <b>
        Primary Usage 
      </b>
      <span
        className="sc-bqGHjH gBkTZR"
      >
        Shirt 
        Pratical 
        #streetWear 
      </span>
    </p>
    <img
      className="sc-iqAbSa jTOThj"
    />
    <span>
      Helpful?
      <button
        className="sc-iCoHVE hDOOVg"
        onClick={[Function]}
      >
        Yes · 
        1
      </button>
      <button
        className="sc-iCoHVE hDOOVg"
        onClick={[Function]}
      >
        No · 
        2
      </button>
      <button
        className="sc-iCoHVE hDOOVg"
      >
        Report as inappropriate
      </button>
    </span>
  </div>
  <div
    className="sc-kEqYlL hWtfSf"
  >
    <h2
      className="sc-dIsAE gEkXsQ"
    >
      Overall Fit Rating
    </h2>
    <div
      className="sc-jSFkmK lnDnEi"
    >
      <div
        className="sc-gtssRu dWODPw"
      >
        <div
          className="sc-dlnjPT dUUXmW"
        />
        <span
          className="sc-gKAblj dJFrAv"
        />
      </div>
      <span
        className="sc-hKFyIo fNFVfG"
      >
        Runs Small
      </span>
      <span
        className="sc-eCApGN dNfuhr"
      >
        Runs Large
      </span>
    </div>
  </div>
</section>
`;

exports[`A suite example using Snapshot renders correctly Star Review Component 1`] = `
<div
  className="sc-bdnylx ddxNlS"
/>
`;
